configs xong (bo qua): 0/80 | con lai: 80 | tasks: 800 | workers: 8
[   2.8m] cfg 1/80 normal  ising   iqp-single   n=9  da luu | task 10/800 | ETA ~224m
[  14.0m] cfg 2/80 normal  ising   iqp-circular n=9  da luu | task 28/800 | ETA ~545m
[  22.3m] cfg 3/80 normal  ising   iqp-single   n=15 da luu | task 30/800 | ETA ~574m
[  37.1m] cfg 4/80 normal  ising   iqp-full     n=9  da luu | task 48/800 | ETA ~706m
[  40.5m] cfg 5/80 normal  ising   iqp-circular n=15 da luu | task 50/800 | ETA ~607m
[  64.4m] cfg 6/80 normal  ising   hea-2        n=9  da luu | task 68/800 | ETA ~795m
[  80.9m] cfg 7/80 normal  ising   iqp-full     n=15 da luu | task 76/800 | ETA ~844m
[  91.7m] cfg 8/80 normal  ising   hea-2        n=15 da luu | task 84/800 | ETA ~825m
[  99.1m] cfg 9/80 normal  ising   qaoa-2       n=9  da luu | task 90/800 | ETA ~782m
[ 171.9m] cfg 10/80 normal  maxcut  iqp-single   n=9  da luu | task 108/800 | ETA ~1203m
[ 181.6m] cfg 11/80 normal  maxcut  iqp-single   n=15 da luu | task 122/800 | ETA ~1139m
[ 183.2m] cfg 12/80 normal  maxcut  iqp-circular n=9  da luu | task 128/800 | ETA ~1038m
[ 195.8m] cfg 13/80 normal  maxcut  iqp-circular n=15 da luu | task 142/800 | ETA ~1009m
[ 198.5m] cfg 14/80 normal  maxcut  iqp-full     n=9  da luu | task 148/800 | ETA ~936m
[ 225.9m] cfg 15/80 normal  maxcut  hea-2        n=9  da luu | task 164/800 | ETA ~979m
[ 232.1m] cfg 16/80 normal  maxcut  iqp-full     n=15 da luu | task 169/800 | ETA ~929m
[ 236.5m] cfg 17/80 normal  ising   qaoa-2       n=15 da luu | task 172/800 | ETA ~876m
[ 243.5m] cfg 18/80 normal  maxcut  hea-2        n=15 da luu | task 186/800 | ETA ~839m
[ 246.3m] cfg 19/80 normal  maxcut  qaoa-2       n=9  da luu | task 190/800 | ETA ~791m
[ 265.2m] cfg 20/80 pi4     ising   iqp-single   n=9  da luu | task 207/800 | ETA ~796m
[ 274.6m] cfg 21/80 normal  maxcut  qaoa-2       n=15 da luu | task 210/800 | ETA ~772m
[ 283.8m] cfg 22/80 pi4     ising   iqp-circular n=9  da luu | task 227/800 | ETA ~748m
[ 288.4m] cfg 23/80 pi4     ising   iqp-single   n=15 da luu | task 230/800 | ETA ~715m
[ 308.3m] cfg 24/80 pi4     ising   iqp-full     n=9  da luu | task 248/800 | ETA ~719m
[ 311.4m] cfg 25/80 pi4     ising   iqp-circular n=15 da luu | task 250/800 | ETA ~685m
[ 340.9m] cfg 26/80 pi4     ising   hea-2        n=9  da luu | task 268/800 | ETA ~708m
[ 359.2m] cfg 27/80 pi4     ising   iqp-full     n=15 da luu | task 276/800 | ETA ~705m
[ 370.9m] cfg 28/80 pi4     ising   hea-2        n=15 da luu | task 284/800 | ETA ~689m
[ 379.9m] cfg 29/80 pi4     ising   qaoa-2       n=9  da luu | task 290/800 | ETA ~668m
[ 455.8m] cfg 30/80 pi4     maxcut  iqp-single   n=9  da luu | task 308/800 | ETA ~760m
[ 464.8m] cfg 31/80 pi4     maxcut  iqp-single   n=15 da luu | task 322/800 | ETA ~735m
[ 466.4m] cfg 32/80 pi4     maxcut  iqp-circular n=9  da luu | task 328/800 | ETA ~700m
[ 478.8m] cfg 33/80 pi4     maxcut  iqp-circular n=15 da luu | task 341/800 | ETA ~682m
[ 481.5m] cfg 34/80 pi4     maxcut  iqp-full     n=9  da luu | task 348/800 | ETA ~651m
[ 507.9m] cfg 35/80 pi4     maxcut  hea-2        n=9  da luu | task 364/800 | ETA ~653m
[ 514.1m] cfg 36/80 pi4     maxcut  iqp-full     n=15 da luu | task 368/800 | ETA ~628m
[ 516.8m] cfg 37/80 pi4     ising   qaoa-2       n=15 da luu | task 372/800 | ETA ~601m
[ 524.0m] cfg 38/80 pi4     maxcut  hea-2        n=15 da luu | task 381/800 | ETA ~579m
[ 528.1m] cfg 39/80 pi4     maxcut  qaoa-2       n=9  da luu | task 390/800 | ETA ~555m
[ 549.4m] cfg 40/80 he      ising   iqp-single   n=9  da luu | task 407/800 | ETA ~549m
[ 559.4m] cfg 41/80 pi4     maxcut  qaoa-2       n=15 da luu | task 410/800 | ETA ~532m
[ 569.0m] cfg 42/80 he      ising   iqp-circular n=9  da luu | task 427/800 | ETA ~515m
[ 573.8m] cfg 43/80 he      ising   iqp-single   n=15 da luu | task 430/800 | ETA ~494m
[ 594.1m] cfg 44/80 he      ising   iqp-full     n=9  da luu | task 448/800 | ETA ~486m
[ 597.4m] cfg 45/80 he      ising   iqp-circular n=15 da luu | task 450/800 | ETA ~465m
[ 626.3m] cfg 46/80 he      ising   hea-2        n=9  da luu | task 468/800 | ETA ~463m
[ 643.8m] cfg 47/80 he      ising   iqp-full     n=15 da luu | task 476/800 | ETA ~452m
[ 654.5m] cfg 48/80 he      ising   hea-2        n=15 da luu | task 484/800 | ETA ~436m
[ 662.3m] cfg 49/80 he      ising   qaoa-2       n=9  da luu | task 490/800 | ETA ~419m
[ 733.2m] cfg 50/80 he      maxcut  iqp-single   n=9  da luu | task 508/800 | ETA ~440m
[ 742.6m] cfg 51/80 he      maxcut  iqp-single   n=15 da luu | task 522/800 | ETA ~422m
[ 744.1m] cfg 52/80 he      maxcut  iqp-circular n=9  da luu | task 528/800 | ETA ~401m
[ 756.0m] cfg 53/80 he      maxcut  iqp-circular n=15 da luu | task 540/800 | ETA ~385m
[ 758.9m] cfg 54/80 he      maxcut  iqp-full     n=9  da luu | task 548/800 | ETA ~365m
[ 785.4m] cfg 55/80 he      maxcut  hea-2        n=9  da luu | task 564/800 | ETA ~357m
[ 791.0m] cfg 56/80 he      maxcut  iqp-full     n=15 da luu | task 568/800 | ETA ~339m
[ 794.5m] cfg 57/80 he      ising   qaoa-2       n=15 da luu | task 572/800 | ETA ~321m
[ 801.1m] cfg 58/80 he      maxcut  hea-2        n=15 da luu | task 582/800 | ETA ~304m
[ 804.3m] cfg 59/80 he      maxcut  qaoa-2       n=9  da luu | task 590/800 | ETA ~286m
[ 822.7m] cfg 60/80 glorot  ising   iqp-single   n=9  da luu | task 607/800 | ETA ~274m
[ 831.8m] cfg 61/80 he      maxcut  qaoa-2       n=15 da luu | task 610/800 | ETA ~259m
[ 840.0m] cfg 62/80 glorot  ising   iqp-circular n=9  da luu | task 627/800 | ETA ~244m
[ 844.6m] cfg 63/80 glorot  ising   iqp-single   n=15 da luu | task 630/800 | ETA ~228m
[ 862.3m] cfg 64/80 glorot  ising   iqp-full     n=9  da luu | task 648/800 | ETA ~216m
[ 865.7m] cfg 65/80 glorot  ising   iqp-circular n=15 da luu | task 650/800 | ETA ~200m
[ 890.5m] cfg 66/80 glorot  ising   hea-2        n=9  da luu | task 668/800 | ETA ~189m
[ 906.4m] cfg 67/80 glorot  ising   iqp-full     n=15 da luu | task 676/800 | ETA ~176m
[ 915.7m] cfg 68/80 glorot  ising   hea-2        n=15 da luu | task 684/800 | ETA ~162m
[ 923.9m] cfg 69/80 glorot  ising   qaoa-2       n=9  da luu | task 690/800 | ETA ~147m
[ 995.0m] cfg 70/80 glorot  maxcut  iqp-single   n=9  da luu | task 708/800 | ETA ~142m
[1004.1m] cfg 71/80 glorot  maxcut  iqp-single   n=15 da luu | task 722/800 | ETA ~127m
[1005.6m] cfg 72/80 glorot  maxcut  iqp-circular n=9  da luu | task 728/800 | ETA ~112m
[1017.7m] cfg 73/80 glorot  maxcut  iqp-circular n=15 da luu | task 740/800 | ETA ~98m
[1020.8m] cfg 74/80 glorot  maxcut  iqp-full     n=9  da luu | task 748/800 | ETA ~83m
[1047.0m] cfg 75/80 glorot  maxcut  hea-2        n=9  da luu | task 764/800 | ETA ~70m
[1053.0m] cfg 76/80 glorot  maxcut  iqp-full     n=15 da luu | task 768/800 | ETA ~55m
[1056.2m] cfg 77/80 glorot  ising   qaoa-2       n=15 da luu | task 772/800 | ETA ~41m
[1062.8m] cfg 78/80 glorot  maxcut  hea-2        n=15 da luu | task 782/800 | ETA ~27m
[1066.0m] cfg 79/80 glorot  maxcut  qaoa-2       n=9  da luu | task 790/800 | ETA ~13m
[1089.8m] cfg 80/80 glorot  maxcut  qaoa-2       n=15 da luu | task 800/800 | ETA ~0m

XONG trong 18.16 h
Da xuat C:\Users\Dao Duy Tung\Documents\Python\newbie\IQP_Optimization\pilot_traj.json
