shard 0/1: 375 configs, 375 inprogress, 18750 tasks, 14 workers
  done normal/ising/single/n3
  done normal/ising/single/n6
  done normal/ising/single/n9
  done normal/ising/single/n12
  done normal/ising/circular/n3
  done normal/ising/single/n15
  done normal/ising/circular/n6
  done normal/ising/circular/n9
  done normal/ising/circular/n12
  done normal/ising/full/n3
  done normal/ising/circular/n15
  done normal/ising/full/n6
  done normal/ising/full/n9
  done normal/ising/full/n12
  done normal/ising/hea/n3
  done normal/ising/full/n15
  done normal/ising/hea/n6
  done normal/ising/hea/n9
  done normal/ising/hea/n12
  done normal/ising/hea/n15
  done normal/ising/qaoa/n3
  done normal/ising/qaoa/n6
  done normal/ising/qaoa/n9
  done normal/ising/qaoa/n12
  done normal/maxcut/single/n3
  done normal/maxcut/single/n6
  done normal/maxcut/single/n9
  done normal/maxcut/single/n12
  done normal/ising/qaoa/n15
  done normal/maxcut/single/n15
  done normal/maxcut/circular/n3
  done normal/maxcut/circular/n6
  done normal/maxcut/circular/n9
  done normal/maxcut/circular/n12
  done normal/maxcut/circular/n15
  done normal/maxcut/full/n3
  done normal/maxcut/full/n6
  done normal/maxcut/full/n9
  done normal/maxcut/full/n12
  done normal/maxcut/hea/n3
  done normal/maxcut/full/n15
  done normal/maxcut/hea/n6
  done normal/maxcut/hea/n9
  done normal/maxcut/hea/n12
  done normal/maxcut/hea/n15
  done normal/maxcut/qaoa/n3
  done normal/maxcut/qaoa/n6
  done normal/maxcut/qaoa/n9
  done normal/maxcut/qaoa/n12
  done normal/partition/single/n3
  done normal/maxcut/qaoa/n15
  done normal/partition/single/n6
  done normal/partition/single/n9
  done normal/partition/single/n12
  done normal/partition/circular/n3
  done normal/partition/single/n15
  done normal/partition/circular/n6
  done normal/partition/circular/n9
  done normal/partition/circular/n12
  done normal/partition/full/n3
  done normal/partition/circular/n15
  done normal/partition/full/n6
  done normal/partition/full/n9
  done normal/partition/full/n12
  done normal/partition/hea/n3
  done normal/partition/full/n15
  done normal/partition/hea/n6
  done normal/partition/hea/n9
  done normal/partition/hea/n12
  done normal/partition/hea/n15
  done normal/partition/qaoa/n3
  done normal/partition/qaoa/n6
  done normal/partition/qaoa/n9
  done normal/partition/qaoa/n12
  done uniform/ising/single/n3
  done uniform/ising/single/n6
  done uniform/ising/single/n9
  done uniform/ising/single/n12
  done normal/partition/qaoa/n15
  done uniform/ising/circular/n3
  done uniform/ising/single/n15
  done uniform/ising/circular/n6
  done uniform/ising/circular/n9
  done uniform/ising/circular/n12
  done uniform/ising/full/n3
  done uniform/ising/circular/n15
  done uniform/ising/full/n6
  done uniform/ising/full/n9
  done uniform/ising/full/n12
  done uniform/ising/hea/n3
  done uniform/ising/full/n15
  done uniform/ising/hea/n6
  done uniform/ising/hea/n9
  done uniform/ising/hea/n12
  done uniform/ising/hea/n15
  done uniform/ising/qaoa/n3
  done uniform/ising/qaoa/n6
  done uniform/ising/qaoa/n9
  done uniform/ising/qaoa/n12
  done uniform/maxcut/single/n3
  done uniform/maxcut/single/n6
  done uniform/maxcut/single/n9
  done uniform/maxcut/single/n12
  done uniform/ising/qaoa/n15
  done uniform/maxcut/single/n15
  done uniform/maxcut/circular/n3
  done uniform/maxcut/circular/n6
  done uniform/maxcut/circular/n9
  done uniform/maxcut/circular/n12
  done uniform/maxcut/circular/n15
  done uniform/maxcut/full/n3
  done uniform/maxcut/full/n6
  done uniform/maxcut/full/n9
  done uniform/maxcut/full/n12
  done uniform/maxcut/hea/n3
  done uniform/maxcut/full/n15
  done uniform/maxcut/hea/n6
  done uniform/maxcut/hea/n9
  done uniform/maxcut/hea/n12
  done uniform/maxcut/hea/n15
  done uniform/maxcut/qaoa/n3
  done uniform/maxcut/qaoa/n6
  done uniform/maxcut/qaoa/n9
  done uniform/maxcut/qaoa/n12
  done uniform/partition/single/n3
  done uniform/maxcut/qaoa/n15
  done uniform/partition/single/n6
  done uniform/partition/single/n9
  done uniform/partition/single/n12
  done uniform/partition/circular/n3
  done uniform/partition/single/n15
  done uniform/partition/circular/n6
  done uniform/partition/circular/n9
  done uniform/partition/circular/n12
  done uniform/partition/full/n3
  done uniform/partition/circular/n15
  done uniform/partition/full/n6
  done uniform/partition/full/n9
  done uniform/partition/full/n12
  done uniform/partition/hea/n3
  done uniform/partition/full/n15
  done uniform/partition/hea/n6
  done uniform/partition/hea/n9
  done uniform/partition/hea/n12
  done uniform/partition/hea/n15
  done uniform/partition/qaoa/n3
  done uniform/partition/qaoa/n6
  done uniform/partition/qaoa/n9
  done uniform/partition/qaoa/n12
  done pi4/ising/single/n3
  done pi4/ising/single/n6
  done pi4/ising/single/n9
  done pi4/ising/single/n12
  done uniform/partition/qaoa/n15
  done pi4/ising/circular/n3
  done pi4/ising/single/n15
  done pi4/ising/circular/n6
  done pi4/ising/circular/n9
  done pi4/ising/circular/n12
  done pi4/ising/full/n3
  done pi4/ising/circular/n15
  done pi4/ising/full/n6
  done pi4/ising/full/n9
  done pi4/ising/full/n12
  done pi4/ising/hea/n3
  done pi4/ising/full/n15
  done pi4/ising/hea/n6
  done pi4/ising/hea/n9
  done pi4/ising/hea/n12
  done pi4/ising/hea/n15
  done pi4/ising/qaoa/n3
  done pi4/ising/qaoa/n6
  done pi4/ising/qaoa/n9
  done pi4/ising/qaoa/n12
  done pi4/maxcut/single/n3
  done pi4/maxcut/single/n6
  done pi4/maxcut/single/n9
  done pi4/maxcut/single/n12
  done pi4/ising/qaoa/n15
  done pi4/maxcut/single/n15
  done pi4/maxcut/circular/n3
  done pi4/maxcut/circular/n6
  done pi4/maxcut/circular/n9
  done pi4/maxcut/circular/n12
  done pi4/maxcut/circular/n15
  done pi4/maxcut/full/n3
  done pi4/maxcut/full/n6
  done pi4/maxcut/full/n9
  done pi4/maxcut/full/n12
  done pi4/maxcut/hea/n3
  done pi4/maxcut/full/n15
  done pi4/maxcut/hea/n6
  done pi4/maxcut/hea/n9
  done pi4/maxcut/hea/n12
  done pi4/maxcut/hea/n15
  done pi4/maxcut/qaoa/n3
  done pi4/maxcut/qaoa/n6
  done pi4/maxcut/qaoa/n9
  done pi4/maxcut/qaoa/n12
  done pi4/partition/single/n3
  done pi4/maxcut/qaoa/n15
  done pi4/partition/single/n6
  done pi4/partition/single/n9
  done pi4/partition/single/n12
  done pi4/partition/single/n15
  done pi4/partition/circular/n3
  done pi4/partition/circular/n6
  done pi4/partition/circular/n9
  done pi4/partition/circular/n12
  done pi4/partition/full/n3
  done pi4/partition/circular/n15
  done pi4/partition/full/n6
  done pi4/partition/full/n9
  done pi4/partition/full/n12
  done pi4/partition/hea/n3
  done pi4/partition/full/n15
  done pi4/partition/hea/n6
  done pi4/partition/hea/n9
  done pi4/partition/hea/n12
  done pi4/partition/hea/n15
  done pi4/partition/qaoa/n3
  done pi4/partition/qaoa/n6
  done pi4/partition/qaoa/n9
  done pi4/partition/qaoa/n12
  done he/ising/single/n3
  done he/ising/single/n6
  done he/ising/single/n9
  done he/ising/single/n12
  done pi4/partition/qaoa/n15
  done he/ising/circular/n3
  done he/ising/single/n15
  done he/ising/circular/n6
  done he/ising/circular/n9
  done he/ising/circular/n12
  done he/ising/full/n3
  done he/ising/circular/n15
  done he/ising/full/n6
  done he/ising/full/n9
  done he/ising/full/n12
  done he/ising/hea/n3
  done he/ising/full/n15
  done he/ising/hea/n6
  done he/ising/hea/n9
  done he/ising/hea/n12
  done he/ising/hea/n15
  done he/ising/qaoa/n3
  done he/ising/qaoa/n6
  done he/ising/qaoa/n9
  done he/ising/qaoa/n12
  done he/maxcut/single/n3
  done he/maxcut/single/n6
  done he/maxcut/single/n9
  done he/maxcut/single/n12
  done he/ising/qaoa/n15
  done he/maxcut/single/n15
  done he/maxcut/circular/n3
  done he/maxcut/circular/n6
  done he/maxcut/circular/n9
  done he/maxcut/circular/n12
  done he/maxcut/circular/n15
  done he/maxcut/full/n3
  done he/maxcut/full/n6
  done he/maxcut/full/n9
  done he/maxcut/full/n12
  done he/maxcut/hea/n3
  done he/maxcut/full/n15
  done he/maxcut/hea/n6
  done he/maxcut/hea/n9
  done he/maxcut/hea/n12
  done he/maxcut/hea/n15
  done he/maxcut/qaoa/n3
  done he/maxcut/qaoa/n6
  done he/maxcut/qaoa/n9
  done he/maxcut/qaoa/n12
  done he/partition/single/n3
  done he/maxcut/qaoa/n15
  done he/partition/single/n6
  done he/partition/single/n9
  done he/partition/single/n12
  done he/partition/circular/n3
  done he/partition/single/n15
  done he/partition/circular/n6
  done he/partition/circular/n9
  done he/partition/circular/n12
  done he/partition/full/n3
  done he/partition/circular/n15
  done he/partition/full/n6
  done he/partition/full/n9
  done he/partition/full/n12
  done he/partition/hea/n3
  done he/partition/full/n15
  done he/partition/hea/n6
  done he/partition/hea/n9
  done he/partition/hea/n12
  done he/partition/hea/n15
  done he/partition/qaoa/n3
  done he/partition/qaoa/n6
  done he/partition/qaoa/n9
  done he/partition/qaoa/n12
  done glorot/ising/single/n3
  done glorot/ising/single/n6
  done glorot/ising/single/n9
  done glorot/ising/single/n12
  done he/partition/qaoa/n15
  done glorot/ising/circular/n3
  done glorot/ising/single/n15
  done glorot/ising/circular/n6
  done glorot/ising/circular/n9
  done glorot/ising/circular/n12
  done glorot/ising/full/n3
  done glorot/ising/circular/n15
  done glorot/ising/full/n6
  done glorot/ising/full/n9
  done glorot/ising/full/n12
  done glorot/ising/hea/n3
  done glorot/ising/full/n15
  done glorot/ising/hea/n6
  done glorot/ising/hea/n9
  done glorot/ising/hea/n12
  done glorot/ising/hea/n15
  done glorot/ising/qaoa/n3
  done glorot/ising/qaoa/n6
  done glorot/ising/qaoa/n9
  done glorot/ising/qaoa/n12
  done glorot/maxcut/single/n3
  done glorot/maxcut/single/n6
  done glorot/maxcut/single/n9
  done glorot/maxcut/single/n12
  done glorot/ising/qaoa/n15
  done glorot/maxcut/single/n15
  done glorot/maxcut/circular/n3
  done glorot/maxcut/circular/n6
  done glorot/maxcut/circular/n9
  done glorot/maxcut/circular/n12
  done glorot/maxcut/circular/n15
  done glorot/maxcut/full/n3
  done glorot/maxcut/full/n6
  done glorot/maxcut/full/n9
  done glorot/maxcut/full/n12
  done glorot/maxcut/hea/n3
  done glorot/maxcut/full/n15
  done glorot/maxcut/hea/n6
  done glorot/maxcut/hea/n9
  done glorot/maxcut/hea/n12
  done glorot/maxcut/hea/n15
  done glorot/maxcut/qaoa/n3
  done glorot/maxcut/qaoa/n6
  done glorot/maxcut/qaoa/n9
  done glorot/maxcut/qaoa/n12
  done glorot/partition/single/n3
  done glorot/maxcut/qaoa/n15
  done glorot/partition/single/n6
  done glorot/partition/single/n9
  done glorot/partition/single/n12
  done glorot/partition/circular/n3
  done glorot/partition/single/n15
  done glorot/partition/circular/n6
  done glorot/partition/circular/n9
  done glorot/partition/circular/n12
  done glorot/partition/full/n3
  done glorot/partition/circular/n15
  done glorot/partition/full/n6
  done glorot/partition/full/n9
  done glorot/partition/full/n12
  done glorot/partition/hea/n3
  done glorot/partition/full/n15
  done glorot/partition/hea/n6
  done glorot/partition/hea/n9
  done glorot/partition/hea/n12
  done glorot/partition/hea/n15
  done glorot/partition/qaoa/n3
  done glorot/partition/qaoa/n6
  done glorot/partition/qaoa/n9
  done glorot/partition/qaoa/n12
  done glorot/partition/qaoa/n15
