shard 0/1: 375 configs, 150 inprogress, 7500 tasks, 8 workers
  done he/ising/single/n3
  done he/ising/single/n6
  done he/ising/single/n9
  done he/ising/single/n12
  done he/ising/circular/n3
  done he/ising/single/n15
  done he/ising/circular/n6
  done he/ising/circular/n9
  done he/ising/circular/n12
  done he/ising/full/n3
  done he/ising/circular/n15
  done he/ising/full/n6
  done he/ising/full/n9
  done he/ising/full/n12
  done he/ising/hea/n3
  done he/ising/full/n15
  done he/ising/hea/n6
  done he/ising/hea/n9
shard 0/1: 375 configs, 132 inprogress, 6600 tasks, 14 workers
  done he/ising/hea/n12
  done he/ising/qaoa/n3
  done he/ising/hea/n15
  done he/ising/qaoa/n6
  done he/ising/qaoa/n9
  done he/ising/qaoa/n12
  done he/maxcut/single/n3
  done he/maxcut/single/n6
  done he/maxcut/single/n9
  done he/maxcut/single/n12
  done he/ising/qaoa/n15
  done he/maxcut/single/n15
  done he/maxcut/circular/n3
  done he/maxcut/circular/n6
  done he/maxcut/circular/n9
  done he/maxcut/circular/n12
  done he/maxcut/circular/n15
  done he/maxcut/full/n3
  done he/maxcut/full/n6
  done he/maxcut/full/n9
  done he/maxcut/full/n12
  done he/maxcut/hea/n3
  done he/maxcut/full/n15
  done he/maxcut/hea/n6
  done he/maxcut/hea/n9
  done he/maxcut/hea/n12
  done he/maxcut/hea/n15
  done he/maxcut/qaoa/n3
  done he/maxcut/qaoa/n6
  done he/maxcut/qaoa/n9
  done he/maxcut/qaoa/n12
  done he/partition/single/n3
  done he/maxcut/qaoa/n15
  done he/partition/single/n6
  done he/partition/single/n9
  done he/partition/single/n12
  done he/partition/circular/n3
  done he/partition/single/n15
  done he/partition/circular/n6
  done he/partition/circular/n9
  done he/partition/circular/n12
  done he/partition/full/n3
  done he/partition/circular/n15
  done he/partition/full/n6
  done he/partition/full/n9
  done he/partition/full/n12
  done he/partition/hea/n3
  done he/partition/hea/n6
  done he/partition/full/n15
  done he/partition/hea/n9
  done he/partition/hea/n12
  done he/partition/hea/n15
  done he/partition/qaoa/n3
  done he/partition/qaoa/n6
  done he/partition/qaoa/n9
  done he/partition/qaoa/n12
  done lecun/ising/single/n3
  done lecun/ising/single/n6
  done lecun/ising/single/n9
  done lecun/ising/single/n12
  done he/partition/qaoa/n15
  done lecun/ising/circular/n3
  done lecun/ising/single/n15
  done lecun/ising/circular/n6
  done lecun/ising/circular/n9
  done lecun/ising/circular/n12
  done lecun/ising/full/n3
  done lecun/ising/circular/n15
  done lecun/ising/full/n6
  done lecun/ising/full/n9
  done lecun/ising/full/n12
  done lecun/ising/hea/n3
  done lecun/ising/hea/n6
  done lecun/ising/full/n15
  done lecun/ising/hea/n9
  done lecun/ising/hea/n12
  done lecun/ising/hea/n15
  done lecun/ising/qaoa/n3
  done lecun/ising/qaoa/n6
  done lecun/ising/qaoa/n9
  done lecun/ising/qaoa/n12
  done lecun/maxcut/single/n3
  done lecun/maxcut/single/n6
  done lecun/maxcut/single/n9
  done lecun/maxcut/single/n12
  done lecun/ising/qaoa/n15
  done lecun/maxcut/single/n15
  done lecun/maxcut/circular/n3
  done lecun/maxcut/circular/n6
  done lecun/maxcut/circular/n9
  done lecun/maxcut/circular/n12
  done lecun/maxcut/circular/n15
  done lecun/maxcut/full/n3
  done lecun/maxcut/full/n6
  done lecun/maxcut/full/n9
  done lecun/maxcut/full/n12
  done lecun/maxcut/hea/n3
  done lecun/maxcut/full/n15
  done lecun/maxcut/hea/n6
  done lecun/maxcut/hea/n9
  done lecun/maxcut/hea/n12
  done lecun/maxcut/hea/n15
  done lecun/maxcut/qaoa/n3
  done lecun/maxcut/qaoa/n6
  done lecun/maxcut/qaoa/n9
  done lecun/maxcut/qaoa/n12
  done lecun/partition/single/n3
  done lecun/maxcut/qaoa/n15
  done lecun/partition/single/n6
  done lecun/partition/single/n9
  done lecun/partition/single/n12
  done lecun/partition/circular/n3
  done lecun/partition/single/n15
  done lecun/partition/circular/n6
  done lecun/partition/circular/n9
  done lecun/partition/circular/n12
  done lecun/partition/full/n3
  done lecun/partition/circular/n15
  done lecun/partition/full/n6
  done lecun/partition/full/n9
  done lecun/partition/full/n12
  done lecun/partition/hea/n3
  done lecun/partition/hea/n6
  done lecun/partition/full/n15
  done lecun/partition/hea/n9
  done lecun/partition/hea/n12
  done lecun/partition/hea/n15
  done lecun/partition/qaoa/n3
  done lecun/partition/qaoa/n6
  done lecun/partition/qaoa/n9
  done lecun/partition/qaoa/n12
  done lecun/partition/qaoa/n15
